// Jest Snapshot v1, https://goo.gl/fbAQLP

exports[`<List /> should match snapshot 1`] = `
<div>
  <datalist
    class="sc-AxjAm fDiLxa"
    data-testid="location-results"
    id="results"
  >
    <option
      value="Aberdeen"
    />
    <option
      value="Armagh"
    />
    <option
      value="Aston Hill"
    />
  </datalist>
</div>
`;
